// Jest Snapshot v1, https://goo.gl/fbAQLP

exports[`Textarea[Base] should render correctly 1`] = `
<div
  class="textarea-wrapper-0-2-1 customized"
  data-type="so-input"
>
  <textarea
    class="textarea-paddingBox-0-2-2 textarea-textarea-0-2-11"
    rows="4"
  />
</div>
`;
