// Jest Snapshot v1, https://goo.gl/fbAQLP

exports[`Radio[Base] should render correctly 1`] = `
<div
  class="radio-wrapper-0-2-2 customized"
>
  <input
    style="display: none;"
    tabindex="0"
    type="radio"
  />
  <i
    class="radio-indicator-0-2-8"
    tabindex="1"
  />
  <span
    class="radio-desc-0-2-9"
  >
    Test
  </span>
</div>
`;
